[INFO] Esto es una prueba
